
%% conf global
git config --global user.name "Claudio Cesar de Sá"

%% se na origin
Puxar e atualizar do MASTER incondicional
git pull



FIRST OF ALL :: se fora de sua maquina
git config --global user.email claudio.sa@udesc.br
git clone https://github.com/claudiosa/.... o nome do repositorio


EX1
udesc@F: $ git status
udesc@F: $ git add dicas-identidate.txt 
                                    git add *  // para todos

udesc@F: $ git commit -m "uma mensagem aqui"
[master 0cf5d9c] uma mensagem aqui
 1 file changed, 5 insertions(+)
 create mode 100644 dicas-identidate.txt

udesc@F: $ git branch 
* master

udesc@F: $ git remote
origin


udesc@F: $ git push origin master 
Username for 'https://github.com': claudiosa
Password for 'https://claudiosa@github.com': 
Counting objects: 4, done.
Delta compression using up to 4 threads.
Compressing objects: 100% (3/3), done.
Writing objects: 100% (3/3), 421 bytes | 0 bytes/s, done.
Total 3 (delta 0), reused 0 (delta 0)
To https://github.com/claudiosa/Aprendendo-GitHub
   fdcf8af..0cf5d9c  master -> master
udesc@F: $ 
udesc@F: $ git status
e repete tudo de novo

Ex2

udesc@F: $ git status
udesc@F: $ git add dicas-usando-git.txt 
udesc@F: $ git commit -m "uma mensagem aqui"
[master d79cc01] uma mensagem aqui
 1 file changed, 7 insertions(+)
udesc@F: $ git push origin master 
udesc@F: $ git status


REMOVENDO FILE REMOTO

udesc@F: $ git rm dicas-identidate.txt 
udesc@F: $ git commit
udesc@F: $  git push origin master
udesc@F: $ git status


COMO FAZER?
 git   ls-remote https://github.com/claudiosa/..............
