

$ mkdir temp
ccs@gerzat~/Dropbox/cursos/linguagens_declarativas$ mv prolog/* temp/
$ git clone https://github.com/claudiosa/prolog
Cloning into 'prolog'...
remote: Counting objects: 5, done.
remote: Compressing objects: 100% (4/4), done.
remote: Total 5 (delta 0), reused 0 (delta 0)
Unpacking objects: 100% (5/5), done.
Checking connectivity... done.
ccs@gerzat~/Dropbox/cursos/linguagens_declarativas$ mv temp/* prolog/*
mv: o alvo “prolog/README.md” não é um diretório
$ mv temp/* prolog/
$ cd prolog/
#$ git status
On branch master
Your branch is up-to-date with 'origin/master'.

Untracked files:
  (use "git add <file>..." to include in what will be committed)
..............
#$ git add *
#$ git commit -m "some old prolog source code"

#$ git branch
* master
#$ git push origin master
Username for 'https://github.com': claudiosa


