
$ git config credential.helper store
$ git push https://github.com/claudiosa/CCS.git
You should also specify caching expire,

git config --global credential.helper 'cache --timeout 7200'
After enabling credential caching, it will be cached for 7200 seconds (2 hour).

$ git config --list --show-origin
if OK ...
Check in Step 1: move to root directory

cd ~/
create a file .git-credentials

Add this content to that file with you usename password and githosting URL

https://user:pass@example.com
Then execute the command

git config --global credential.helper store
.................................................

OR
simply
ssh://git@github.com/claudiosa/CCS.git




%% conf global
git config --global user.name "Claudio Cesar de Sá"

%% se na origin
Puxar e atualizar do MASTER incondicional
git pull



FIRST OF ALL :: se fora de sua maquina
git config --global user.email claudio.sa@udesc.br
git clone https://github.com/claudiosa/.... o nome do repositorio


EX1
udesc@F: $ git status
udesc@F: $ git add dicas-identidate.txt 
                                    git add *  // para todos

udesc@F: $ git commit -m "uma mensagem aqui"
[master 0cf5d9c] uma mensagem aqui
 1 file changed, 5 insertions(+)
 create mode 100644 dicas-identidate.txt

udesc@F: $ git branch 
* master

udesc@F: $ git remote
origin


udesc@F: $ git push origin master 
Username for 'https://github.com': claudiosa
Password for 'https://claudiosa@github.com': 
Counting objects: 4, done.
Delta compression using up to 4 threads.
Compressing objects: 100% (3/3), done.
Writing objects: 100% (3/3), 421 bytes | 0 bytes/s, done.
Total 3 (delta 0), reused 0 (delta 0)
To https://github.com/claudiosa/Aprendendo-GitHub
   fdcf8af..0cf5d9c  master -> master
udesc@F: $ 
udesc@F: $ git status
e repete tudo de novo

Ex2

udesc@F: $ git status
udesc@F: $ git add dicas-usando-git.txt 
udesc@F: $ git commit -m "uma mensagem aqui"
[master d79cc01] uma mensagem aqui
 1 file changed, 7 insertions(+)
udesc@F: $ git push origin master 
udesc@F: $ git status


REMOVENDO FILE REMOTO

udesc@F: $ git rm dicas-identidate.txt 
udesc@F: $ git commit
udesc@F: $  git push origin master
udesc@F: $ git status

git rm -r one-of-the-directories
git rm -r /apresentacoes
git rm -r LPG_C

depois COMMIT

git  commit -m "xxxxxxxxxxxxxxx"
git push origin master

COMO FAZER?
 git   ls-remote https://github.com/claudiosa/..............

%%%% FUNCIONA ... vejam
CCS$ git pull
remote: Counting objects: 10, done.
remote: Compressing objects: 100% (4/4), done.
remote: Total 10 (delta 6), reused 10 (delta 6), pack-reused 0
Unpacking objects: 100% (10/10), done.
From https://github.com/claudiosa/CCS
   45c6406..6e9032b  master     -> origin/master
Updating 45c6406..6e9032b
Fast-forward
 aprendendo-GitHub/dicas-usando-git.txt             |  48 +-
 .../TRABALHOS_FINAIS/trabalho-final-LMA_2015-2.aux |   9 +
 .../TRABALHOS_FINAIS/trabalho-final-LMA_2015-2.log | 563 +++++++++++++++++++++
 .../TRABALHOS_FINAIS/trabalho-final-LMA_2015-2.pdf | Bin 173058 -> 174165 bytes
 .../TRABALHOS_FINAIS/trabalho-final-LMA_2015-2.tex |  16 +-
 5 files changed, 614 insertions(+), 22 deletions(-)
 create mode 100644 prolog/TRABALHOS_FINAIS/trabalho-final-LMA_2015-2.aux
 create mode 100644 prolog/TRABALHOS_FINAIS/trabalho-final-LMA_2015-2.log

SITUACAO:
Quando já existe o repositorio remoto  mas nao está linkado ao  local

1. git init
2. git pull https://github.com/*username*/*repository*.git master (se quiser pegar do externo)
ou faça uma adicao de git remote add origin https://github.com/user/repo.git
2. git remote -v
3. git status
4. git commit -m "xxxxx"
5. git push -f origin master (enviou forçado)

OK 

